Archive member included because of file (symbol)

../../libnids-1.24/src/libnids.a(libnids.o)
                              nids_interface.o (nids_pcap_handler)
../../libnids-1.24/src/libnids.a(scan.o)
                              ../../libnids-1.24/src/libnids.a(libnids.o) (scan_exit)
../../libnids-1.24/src/libnids.a(tcp.o)
                              nids_interface.o (nids_discard)
../../libnids-1.24/src/libnids.a(util.o)
                              ../../libnids-1.24/src/libnids.a(libnids.o) (unregister_callback)
../../libnids-1.24/src/libnids.a(allpromisc.o)
                              ../../libnids-1.24/src/libnids.a(libnids.o) (set_all_promisc)
../../libnids-1.24/src/libnids.a(hash.o)
                              ../../libnids-1.24/src/libnids.a(tcp.o) (mkhash)
../../libnids-1.24/src/libnids.a(checksum.o)
                              ../../libnids-1.24/src/libnids.a(libnids.o) (ip_fast_csum)
../../libnids-1.24/src/libnids.a(ip_fragment.o)
                              ../../libnids-1.24/src/libnids.a(libnids.o) (ip_frag_exit)
../../libnids-1.24/src/libnids.a(ip_options.o)
                              ../../libnids-1.24/src/libnids.a(libnids.o) (ip_options_compile)
../../libnids-1.24/src/libnids.a(killtcp.o)
                              ../../libnids-1.24/src/libnids.a(libnids.o) (raw_init)
/root/dpdk-1.5.0r2/x86_64-default-linuxapp-gcc/lib/librte_pmd_e1000.a(igb_ethdev.o)
                              main.o (rte_igbvf_pmd_init)
/root/dpdk-1.5.0r2/x86_64-default-linuxapp-gcc/lib/librte_pmd_e1000.a(igb_rxtx.o)
                              /root/dpdk-1.5.0r2/x86_64-default-linuxapp-gcc/lib/librte_pmd_e1000.a(igb_ethdev.o) (eth_igb_rx_queue_count)
/root/dpdk-1.5.0r2/x86_64-default-linuxapp-gcc/lib/librte_pmd_e1000.a(em_ethdev.o)
                              main.o (rte_em_pmd_init)
/root/dpdk-1.5.0r2/x86_64-default-linuxapp-gcc/lib/librte_pmd_e1000.a(em_rxtx.o)
                              /root/dpdk-1.5.0r2/x86_64-default-linuxapp-gcc/lib/librte_pmd_e1000.a(em_ethdev.o) (eth_em_rx_queue_count)
/root/dpdk-1.5.0r2/x86_64-default-linuxapp-gcc/lib/librte_pmd_e1000.a(igb_pf.o)
                              /root/dpdk-1.5.0r2/x86_64-default-linuxapp-gcc/lib/librte_pmd_e1000.a(igb_ethdev.o) (igb_pf_host_configure)
/root/dpdk-1.5.0r2/x86_64-default-linuxapp-gcc/lib/librte_pmd_e1000.a(e1000_82541.o)
                              /root/dpdk-1.5.0r2/x86_64-default-linuxapp-gcc/lib/librte_pmd_e1000.a(em_ethdev.o) (e1000_init_script_state_82541)
/root/dpdk-1.5.0r2/x86_64-default-linuxapp-gcc/lib/librte_pmd_e1000.a(e1000_82543.o)
                              /root/dpdk-1.5.0r2/x86_64-default-linuxapp-gcc/lib/librte_pmd_e1000.a(em_ethdev.o) (e1000_set_tbi_compatibility_82543)
/root/dpdk-1.5.0r2/x86_64-default-linuxapp-gcc/lib/librte_pmd_e1000.a(e1000_82571.o)
                              /root/dpdk-1.5.0r2/x86_64-default-linuxapp-gcc/lib/librte_pmd_e1000.a(em_ethdev.o) (e1000_set_laa_state_82571)
/root/dpdk-1.5.0r2/x86_64-default-linuxapp-gcc/lib/librte_pmd_e1000.a(e1000_82575.o)
                              /root/dpdk-1.5.0r2/x86_64-default-linuxapp-gcc/lib/librte_pmd_e1000.a(igb_pf.o) (e1000_vmdq_set_anti_spoofing_pf)
/root/dpdk-1.5.0r2/x86_64-default-linuxapp-gcc/lib/librte_pmd_e1000.a(e1000_i210.o)
                              /root/dpdk-1.5.0r2/x86_64-default-linuxapp-gcc/lib/librte_pmd_e1000.a(e1000_82575.o) (e1000_release_swfw_sync_i210)
/root/dpdk-1.5.0r2/x86_64-default-linuxapp-gcc/lib/librte_pmd_e1000.a(e1000_api.o)
                              /root/dpdk-1.5.0r2/x86_64-default-linuxapp-gcc/lib/librte_pmd_e1000.a(igb_ethdev.o) (e1000_set_mac_type)
/root/dpdk-1.5.0r2/x86_64-default-linuxapp-gcc/lib/librte_pmd_e1000.a(e1000_ich8lan.o)
                              /root/dpdk-1.5.0r2/x86_64-default-linuxapp-gcc/lib/librte_pmd_e1000.a(e1000_api.o) (e1000_init_function_pointers_ich8lan)
/root/dpdk-1.5.0r2/x86_64-default-linuxapp-gcc/lib/librte_pmd_e1000.a(e1000_mac.o)
                              /root/dpdk-1.5.0r2/x86_64-default-linuxapp-gcc/lib/librte_pmd_e1000.a(e1000_api.o) (e1000_init_mac_ops_generic)
/root/dpdk-1.5.0r2/x86_64-default-linuxapp-gcc/lib/librte_pmd_e1000.a(e1000_manage.o)
                              /root/dpdk-1.5.0r2/x86_64-default-linuxapp-gcc/lib/librte_pmd_e1000.a(e1000_82571.o) (e1000_check_mng_mode_generic)
/root/dpdk-1.5.0r2/x86_64-default-linuxapp-gcc/lib/librte_pmd_e1000.a(e1000_mbx.o)
                              /root/dpdk-1.5.0r2/x86_64-default-linuxapp-gcc/lib/librte_pmd_e1000.a(igb_pf.o) (e1000_read_mbx)
/root/dpdk-1.5.0r2/x86_64-default-linuxapp-gcc/lib/librte_pmd_e1000.a(e1000_nvm.o)
                              /root/dpdk-1.5.0r2/x86_64-default-linuxapp-gcc/lib/librte_pmd_e1000.a(e1000_api.o) (e1000_init_nvm_ops_generic)
/root/dpdk-1.5.0r2/x86_64-default-linuxapp-gcc/lib/librte_pmd_e1000.a(e1000_osdep.o)
                              /root/dpdk-1.5.0r2/x86_64-default-linuxapp-gcc/lib/librte_pmd_e1000.a(e1000_mac.o) (e1000_write_pci_cfg)
[...]
Memory Configuration

Name             Origin             Length             Attributes
*default*        0x0000000000000000 0xffffffffffffffff

Linker script and memory map

LOAD /usr/lib/gcc/x86_64-redhat-linux/4.4.7/../../../../lib64/crt1.o
LOAD /usr/lib/gcc/x86_64-redhat-linux/4.4.7/../../../../lib64/crti.o
LOAD /usr/lib/gcc/x86_64-redhat-linux/4.4.7/crtbegin.o
LOAD main.o
LOAD nids_interface.o
LOAD ../../libnids-1.24/src/libnids.a
LOAD /usr/local/lib/libpcap.so
LOAD /root/dpdk-1.5.0r2/x86_64-default-linuxapp-gcc/lib/librte_kni.a
LOAD /root/dpdk-1.5.0r2/x86_64-default-linuxapp-gcc/lib/librte_pmd_e1000.a
LOAD /root/dpdk-1.5.0r2/x86_64-default-linuxapp-gcc/lib/librte_pmd_ixgbe.a
LOAD /root/dpdk-1.5.0r2/x86_64-default-linuxapp-gcc/lib/librte_pmd_virtio.a
LOAD /root/dpdk-1.5.0r2/x86_64-default-linuxapp-gcc/lib/librte_cmdline.a
LOAD /root/dpdk-1.5.0r2/x86_64-default-linuxapp-gcc/lib/librte_timer.a
LOAD /root/dpdk-1.5.0r2/x86_64-default-linuxapp-gcc/lib/librte_hash.a
LOAD /root/dpdk-1.5.0r2/x86_64-default-linuxapp-gcc/lib/librte_lpm.a
LOAD /root/dpdk-1.5.0r2/x86_64-default-linuxapp-gcc/lib/librte_power.a
LOAD /root/dpdk-1.5.0r2/x86_64-default-linuxapp-gcc/lib/librte_meter.a
LOAD /root/dpdk-1.5.0r2/x86_64-default-linuxapp-gcc/lib/librte_sched.a
LOAD /usr/lib/gcc/x86_64-redhat-linux/4.4.7/../../../../lib64/libm.so
LOAD /usr/lib/gcc/x86_64-redhat-linux/4.4.7/../../../../lib64/librt.so
START GROUP
LOAD /root/dpdk-1.5.0r2/x86_64-default-linuxapp-gcc/lib/librte_mbuf.a
LOAD /root/dpdk-1.5.0r2/x86_64-default-linuxapp-gcc/lib/libethdev.a
LOAD /root/dpdk-1.5.0r2/x86_64-default-linuxapp-gcc/lib/librte_pmd_ring.a
LOAD /root/dpdk-1.5.0r2/x86_64-default-linuxapp-gcc/lib/librte_malloc.a
LOAD /root/dpdk-1.5.0r2/x86_64-default-linuxapp-gcc/lib/librte_mempool.a
LOAD /root/dpdk-1.5.0r2/x86_64-default-linuxapp-gcc/lib/librte_ring.a
LOAD /root/dpdk-1.5.0r2/x86_64-default-linuxapp-gcc/lib/librte_eal.a
LOAD /usr/lib/gcc/x86_64-redhat-linux/4.4.7/../../../../lib64/librt.so
LOAD /usr/lib/gcc/x86_64-redhat-linux/4.4.7/../../../../lib64/libm.so
LOAD /usr/lib/gcc/x86_64-redhat-linux/4.4.7/../../../../lib64/libdl.so
END GROUP
LOAD /usr/lib/gcc/x86_64-redhat-linux/4.4.7/libgcc.a
LOAD /usr/lib/gcc/x86_64-redhat-linux/4.4.7/libgcc_s.so
LOAD /usr/lib/gcc/x86_64-redhat-linux/4.4.7/../../../../lib64/libpthread.so
START GROUP
LOAD /lib64/libpthread.so.0
LOAD /usr/lib64/libpthread_nonshared.a
END GROUP
LOAD /usr/lib/gcc/x86_64-redhat-linux/4.4.7/../../../../lib64/libc.so
START GROUP
LOAD /lib64/libc.so.6
LOAD /usr/lib64/libc_nonshared.a
LOAD /lib64/ld-linux-x86-64.so.2
END GROUP
LOAD /usr/lib/gcc/x86_64-redhat-linux/4.4.7/libgcc.a
LOAD /usr/lib/gcc/x86_64-redhat-linux/4.4.7/libgcc_s.so
LOAD /usr/lib/gcc/x86_64-redhat-linux/4.4.7/crtend.o
LOAD /usr/lib/gcc/x86_64-redhat-linux/4.4.7/../../../../lib64/crtn.o
                0x0000000000400000                PROVIDE (__executable_start, 0x400000)
                0x0000000000400238                . = (0x400000 + SIZEOF_HEADERS)

.interp         0x0000000000400238       0x1c
 *(.interp)
 .interp        0x0000000000400238       0x1c /usr/lib/gcc/x86_64-redhat-linux/4.4.7/../../../../lib64/crt1.o

.note.ABI-tag   0x0000000000400254       0x20
 .note.ABI-tag  0x0000000000400254       0x20 /usr/lib/gcc/x86_64-redhat-linux/4.4.7/../../../../lib64/crt1.o

.note.gnu.build-id
                0x0000000000400274       0x24
 *(.note.gnu.build-id)
 .note.gnu.build-id
                0x0000000000400274       0x24 /usr/lib/gcc/x86_64-redhat-linux/4.4.7/../../../../lib64/crt1.o

.hash
 *(.hash)

.gnu.hash       0x0000000000400298     0x1b04
 *(.gnu.hash)
 .gnu.hash      0x0000000000400298     0x1b04 /usr/lib/gcc/x86_64-redhat-linux/4.4.7/../../../../lib64/crt1.o

.dynsym         0x0000000000401da0     0x64b0
 *(.dynsym)
 .dynsym        0x0000000000401da0     0x64b0 /usr/lib/gcc/x86_64-redhat-linux/4.4.7/../../../../lib64/crt1.o

.dynstr         0x0000000000408250     0x5cc9
 *(.dynstr)
 .dynstr        0x0000000000408250     0x5cc9 /usr/lib/gcc/x86_64-redhat-linux/4.4.7/../../../../lib64/crt1.o

.gnu.version    0x000000000040df1a      0x864
 *(.gnu.version)
 .gnu.version   0x000000000040df1a      0x864 /usr/lib/gcc/x86_64-redhat-linux/4.4.7/../../../../lib64/crt1.o

.gnu.version_d  0x000000000040e780        0x0 load address 0x000000000040e77e
 *(.gnu.version_d)
 .gnu.version_d
                0x0000000000000000        0x0 /usr/lib/gcc/x86_64-redhat-linux/4.4.7/../../../../lib64/crt1.o

.gnu.version_r  0x000000000040e780       0xf0
 *(.gnu.version_r)
 .gnu.version_r
                0x000000000040e780       0xf0 /usr/lib/gcc/x86_64-redhat-linux/4.4.7/../../../../lib64/crt1.o

.rela.dyn       0x000000000040e870       0xa8
 *(.rela.init)
 *(.rela.text .rela.text.* .rela.gnu.linkonce.t.*)
 .rela.text     0x0000000000000000        0x0 /usr/lib/gcc/x86_64-redhat-linux/4.4.7/../../../../lib64/crt1.o
 .rela.text.unlikely
                0x0000000000000000        0x0 /usr/lib/gcc/x86_64-redhat-linux/4.4.7/../../../../lib64/crt1.o
 *(.rela.fini)
 *(.rela.rodata .rela.rodata.* .rela.gnu.linkonce.r.*)
 *(.rela.data .rela.data.* .rela.gnu.linkonce.d.*)
 .rela.data     0x0000000000000000        0x0 /usr/lib/gcc/x86_64-redhat-linux/4.4.7/../../../../lib64/crt1.o
 *(.rela.tdata .rela.tdata.* .rela.gnu.linkonce.td.*)
 *(.rela.tbss .rela.tbss.* .rela.gnu.linkonce.tb.*)
 *(.rela.ctors)
 *(.rela.dtors)
 *(.rela.got)
 .rela.got      0x000000000040e870       0x48 /usr/lib/gcc/x86_64-redhat-linux/4.4.7/../../../../lib64/crt1.o
 *(.rela.sharable_data .rela.sharable_data.* .rela.gnu.linkonce.shrd.*)
 *(.rela.sharable_bss .rela.sharable_bss.* .rela.gnu.linkonce.shrb.*)
 .rela.sharable_bss
                0x0000000000000000        0x0 /usr/lib/gcc/x86_64-redhat-linux/4.4.7/../../../../lib64/crt1.o
 *(.rela.bss .rela.bss.* .rela.gnu.linkonce.b.*)
 .rela.bss      0x000000000040e8b8       0x60 /usr/lib/gcc/x86_64-redhat-linux/4.4.7/../../../../lib64/crt1.o
 *(.rela.ldata .rela.ldata.* .rela.gnu.linkonce.l.*)
 *(.rela.lbss .rela.lbss.* .rela.gnu.linkonce.lb.*)
 *(.rela.lrodata .rela.lrodata.* .rela.gnu.linkonce.lr.*)
 *(.rela.ifunc)

.rela.plt       0x000000000040e918      0xb88
 *(.rela.plt)
 .rela.plt      0x000000000040e918      0xb88 /usr/lib/gcc/x86_64-redhat-linux/4.4.7/../../../../lib64/crt1.o
                0x000000000040f4a0                PROVIDE (__rela_iplt_start, .)
 *(.rela.iplt)
 .rela.iplt     0x0000000000000000        0x0 /usr/lib/gcc/x86_64-redhat-linux/4.4.7/../../../../lib64/crt1.o
                0x000000000040f4a0                PROVIDE (__rela_iplt_end, .)

.init           0x000000000040f4a0       0x18
 *(.init)
 .init          0x000000000040f4a0        0x9 /usr/lib/gcc/x86_64-redhat-linux/4.4.7/../../../../lib64/crti.o
                0x000000000040f4a0                _init
 .init          0x000000000040f4a9        0x5 /usr/lib/gcc/x86_64-redhat-linux/4.4.7/crtbegin.o
 .init          0x000000000040f4ae        0x5 /usr/lib/gcc/x86_64-redhat-linux/4.4.7/crtend.o
 .init          0x000000000040f4b3        0x5 /usr/lib/gcc/x86_64-redhat-linux/4.4.7/../../../../lib64/crtn.o

.plt            0x000000000040f4b8      0x7c0
 *(.plt)
 .plt           0x000000000040f4b8      0x7c0 /usr/lib/gcc/x86_64-redhat-linux/4.4.7/../../../../lib64/crt1.o
                0x000000000040f4c8                printf@@GLIBC_2.2.5
                0x000000000040f4d8                pause@@GLIBC_2.2.5
                0x000000000040f4e8                memset@@GLIBC_2.2.5
                0x000000000040f4f8                snprintf@@GLIBC_2.2.5
                0x000000000040f508                backtrace@@GLIBC_2.2.5
                0x000000000040f518                mmap64@@GLIBC_2.2.5
                0x000000000040f528                pcap_dispatch
                0x000000000040f538                close@@GLIBC_2.2.5
                0x000000000040f548                syslog@@GLIBC_2.2.5
                0x000000000040f558                ioctl@@GLIBC_2.2.5
                0x000000000040f568                abort@@GLIBC_2.2.5
                0x000000000040f578                strncat@@GLIBC_2.2.5
                0x000000000040f588                pcap_close
                0x000000000040f598                epoll_create@@GLIBC_2.3.2
                0x000000000040f5a8                puts@@GLIBC_2.2.5
                0x000000000040f5b8                __isoc99_sscanf@@GLIBC_2.7
                0x000000000040f5c8                openlog@@GLIBC_2.2.5
                0x000000000040f5d8                exit@@GLIBC_2.2.5
                0x000000000040f5e8                gettimeofday@@GLIBC_2.2.5
                0x000000000040f5f8                openat@@GLIBC_2.4
                0x000000000040f608                putchar@@GLIBC_2.2.5
                0x000000000040f618                read@@GLIBC_2.2.5
                0x000000000040f628                strncmp@@GLIBC_2.2.5
                0x000000000040f638                malloc@@GLIBC_2.2.5
                0x000000000040f648                fopen@@GLIBC_2.2.5
                0x000000000040f658                __libc_start_main@@GLIBC_2.2.5
                0x000000000040f668                pcap_open_live
                0x000000000040f678                pcap_geterr
                0x000000000040f688                sysconf@@GLIBC_2.2.5
                0x000000000040f698                getpid@@GLIBC_2.2.5
                0x000000000040f6a8                fopencookie@@GLIBC_2.2.5
                0x000000000040f6b8                fgets@@GLIBC_2.2.5
                0x000000000040f6c8                __fxstat64@@GLIBC_2.2.5
                0x000000000040f6d8                pcap_compile
                0x000000000040f6e8                pcap_get_selectable_fd
                0x000000000040f6f8                vfprintf@@GLIBC_2.2.5
                0x000000000040f708                strnlen@@GLIBC_2.2.5
                0x000000000040f718                __strdup@@GLIBC_2.2.5
                0x000000000040f728                backtrace_symbols@@GLIBC_2.2.5
                0x000000000040f738                free@@GLIBC_2.2.5
                0x000000000040f748                fnmatch@@GLIBC_2.2.5
                0x000000000040f758                strlen@@GLIBC_2.2.5
                0x000000000040f768                pthread_create@@GLIBC_2.2.5
                0x000000000040f778                opendir@@GLIBC_2.2.5
                0x000000000040f788                pcap_open_offline
                0x000000000040f798                __ctype_b_loc@@GLIBC_2.3
                0x000000000040f7a8                readdir@@GLIBC_2.2.5
                0x000000000040f7b8                dlerror@@GLIBC_2.2.5
                0x000000000040f7c8                sprintf@@GLIBC_2.2.5
                0x000000000040f7d8                strrchr@@GLIBC_2.2.5
                0x000000000040f7e8                getpagesize@@GLIBC_2.2.5
                0x000000000040f7f8                pipe@@GLIBC_2.2.5
                0x000000000040f808                sleep@@GLIBC_2.2.5
                0x000000000040f818                pthread_self@@GLIBC_2.2.5
                0x000000000040f828                flock@@GLIBC_2.2.5
                0x000000000040f838                strerror@@GLIBC_2.2.5
                0x000000000040f848                open64@@GLIBC_2.2.5
                0x000000000040f858                epoll_ctl@@GLIBC_2.3.2
                0x000000000040f868                strstr@@GLIBC_2.2.5
                0x000000000040f878                mlock@@GLIBC_2.2.5
                0x000000000040f888                strcat@@GLIBC_2.2.5
                0x000000000040f898                strtol@@GLIBC_2.2.5
                0x000000000040f8a8                ftruncate64@@GLIBC_2.2.5
                0x000000000040f8b8                dirfd@@GLIBC_2.2.5
                0x000000000040f8c8                pcap_datalink
                0x000000000040f8d8                atoi@@GLIBC_2.2.5
                0x000000000040f8e8                memcpy@@GLIBC_2.2.5
                0x000000000040f8f8                signal@@GLIBC_2.2.5
                0x000000000040f908                memmove@@GLIBC_2.2.5
                0x000000000040f918                strchr@@GLIBC_2.2.5
                0x000000000040f928                getopt_long@@GLIBC_2.2.5
                0x000000000040f938                socket@@GLIBC_2.2.5
                0x000000000040f948                vsnprintf@@GLIBC_2.2.5
                0x000000000040f958                inet_ntoa@@GLIBC_2.2.5
                0x000000000040f968                getenv@@GLIBC_2.2.5
                0x000000000040f978                __errno_location@@GLIBC_2.2.5
                0x000000000040f988                pcap_setfilter
                0x000000000040f998                strncasecmp@@GLIBC_2.2.5
                0x000000000040f9a8                strcmp@@GLIBC_2.2.5
                0x000000000040f9b8                index@@GLIBC_2.2.5
                0x000000000040f9c8                pcap_lookupdev
                0x000000000040f9d8                strcpy@@GLIBC_2.2.5
                0x000000000040f9e8                epoll_wait@@GLIBC_2.3.2
                0x000000000040f9f8                lrand48@@GLIBC_2.2.5
                0x000000000040fa08                nanosleep@@GLIBC_2.2.5
                0x000000000040fa18                srand@@GLIBC_2.2.5
                0x000000000040fa28                iopl@@GLIBC_2.2.5
                0x000000000040fa38                getuid@@GLIBC_2.2.5
                0x000000000040fa48                __ctype_tolower_loc@@GLIBC_2.3
                0x000000000040fa58                calloc@@GLIBC_2.2.5
                0x000000000040fa68                munmap@@GLIBC_2.2.5
                0x000000000040fa78                __xpg_strerror_r@@GLIBC_2.3.4
                0x000000000040fa88                fclose@@GLIBC_2.2.5
                0x000000000040fa98                dlopen@@GLIBC_2.2.5
                0x000000000040faa8                strncpy@@GLIBC_2.2.5
                0x000000000040fab8                lseek64@@GLIBC_2.2.5
                0x000000000040fac8                strtoull@@GLIBC_2.2.5
                0x000000000040fad8                closedir@@GLIBC_2.2.5
                0x000000000040fae8                ftruncate@@GLIBC_2.2.5
                0x000000000040faf8                pcap_next
                0x000000000040fb08                access@@GLIBC_2.2.5
                0x000000000040fb18                unlinkat@@GLIBC_2.4
                0x000000000040fb28                fopen64@@GLIBC_2.2.5
                0x000000000040fb38                pcap_loop
                0x000000000040fb48                fwrite@@GLIBC_2.2.5
                0x000000000040fb58                realloc@@GLIBC_2.2.5
                0x000000000040fb68                timerfd_create@@GLIBC_2.8
                0x000000000040fb78                perror@@GLIBC_2.2.5
                0x000000000040fb88                rand@@GLIBC_2.2.5
                0x000000000040fb98                fprintf@@GLIBC_2.2.5
                0x000000000040fba8                timerfd_settime@@GLIBC_2.8
                0x000000000040fbb8                write@@GLIBC_2.2.5
                0x000000000040fbc8                clock_gettime@@GLIBC_2.2.5
                0x000000000040fbd8                strtoul@@GLIBC_2.2.5
                0x000000000040fbe8                __sched_cpualloc@@GLIBC_2.7
                0x000000000040fbf8                __sched_cpufree@@GLIBC_2.7
                0x000000000040fc08                fcntl@@GLIBC_2.2.5
                0x000000000040fc18                pthread_setaffinity_np@@GLIBC_2.3.4
                0x000000000040fc28                srand48@@GLIBC_2.2.5
                0x000000000040fc38                open@@GLIBC_2.2.5
                0x000000000040fc48                mmap@@GLIBC_2.2.5
                0x000000000040fc58                strndup@@GLIBC_2.2.5
                0x000000000040fc68                fflush@@GLIBC_2.2.5
 *(.iplt)
 .iplt          0x0000000000000000        0x0 /usr/lib/gcc/x86_64-redhat-linux/4.4.7/../../../../lib64/crt1.o

.text           0x000000000040fc80    0x74fc8
 *(.text.unlikely .text.*_unlikely)
 .text.unlikely
                0x000000000040fc80       0xc9 /root/dpdk-1.5.0r2/x86_64-default-linuxapp-gcc/lib/librte_eal.a(eal_debug.o)
                0x000000000040fc80                __rte_panic
 .text.unlikely
                0x000000000040fd49       0x8d /root/dpdk-1.5.0r2/x86_64-default-linuxapp-gcc/lib/librte_eal.a(eal_common_log.o)
                0x000000000040fd49                rte_log
 *(.text .stub .text.* .gnu.linkonce.t.*)
 *fill*         0x000000000040fdd6        0x2 90909090
 .text          0x000000000040fdd8       0x2c /usr/lib/gcc/x86_64-redhat-linux/4.4.7/../../../../lib64/crt1.o
                0x000000000040fdd8                _start
 .text          0x000000000040fe04       0x17 /usr/lib/gcc/x86_64-redhat-linux/4.4.7/../../../../lib64/crti.o
 *fill*         0x000000000040fe1b        0x5 90909090
 .text          0x000000000040fe20       0x92 /usr/lib/gcc/x86_64-redhat-linux/4.4.7/crtbegin.o
 *fill*         0x000000000040feb2        0x2 90909090
 .text          0x000000000040feb4     0x3149 main.o
                0x0000000000412d6c                main
 *fill*         0x0000000000412ffd        0x3 90909090
 .text          0x0000000000413000      0x454 nids_interface.o
                0x0000000000413000                adres
                0x00000000004130af                do_log
                0x0000000000413118                sniff_callback
                0x0000000000413258                test_main
                0x000000000041332d                ip_frag_func_callback
                0x000000000041333a                process_init
                0x00000000004133ff                process_pkt_callback
 *fill*         0x0000000000413454        0xc 90909090
 .text          0x0000000000413460     0x116f ../../libnids-1.24/src/libnids.a(libnids.o)
                0x0000000000413480                nids_dispatch
                0x0000000000413530                nids_getfd
                0x0000000000413580                nids_exit
                0x0000000000413660                nids_run
                0x00000000004136d0                nids_init
                0x0000000000414290                nids_unregister_ip_frag
                0x00000000004142a0                nids_unregister_ip
                0x00000000004142b0                nids_unregister_udp
                0x00000000004142c0                nids_register_ip_frag
                0x00000000004142d0                nids_register_ip
                0x00000000004142e0                nids_register_udp
                0x00000000004142f0                nids_pcap_handler
                0x0000000000414510                nids_next
 *fill*         0x00000000004145cf        0x1 90909090
 .text          0x00000000004145d0      0x325 ../../libnids-1.24/src/libnids.a(scan.o)
                0x0000000000414630                detect_scan
                0x0000000000414870                scan_exit
                0x00000000004148a0                scan_init
 *fill*         0x00000000004148f5        0xb 90909090
 .text          0x0000000000414900     0x190d ../../libnids-1.24/src/libnids.a(tcp.o)
                0x0000000000414a70                nids_discard
                0x0000000000414af0                tcp_init
                0x0000000000414d50                nids_free_tcp_stream
                0x0000000000414f00                tcp_check_timeouts
                0x0000000000414f70                tcp_exit
                0x0000000000415060                nids_unregister_tcp
                0x0000000000415070                nids_register_tcp
                0x00000000004154e0                nids_find_tcp_stream
                0x0000000000415540                find_stream
                0x00000000004155f0                process_icmp
                0x0000000000415710                process_tcp
 *fill*         0x000000000041620d        0x3 90909090
 .text          0x0000000000416210      0x114 ../../libnids-1.24/src/libnids.a(util.o)
                0x0000000000416210                unregister_callback
                0x0000000000416260                test_malloc
                0x00000000004162a0                register_callback
                0x0000000000416300                nids_no_mem
 *fill*         0x0000000000416324        0xc 90909090
 .text          0x0000000000416330      0x12c ../../libnids-1.24/src/libnids.a(allpromisc.o)
                0x0000000000416330                set_all_promisc
 *fill*         0x000000000041645c        0x4 90909090
 .text          0x0000000000416460      0x180 ../../libnids-1.24/src/libnids.a(hash.o)
                0x0000000000416460                mkhash
                0x00000000004164d0                init_hash
 .text          0x00000000004165e0      0x259 ../../libnids-1.24/src/libnids.a(checksum.o)
                0x00000000004165e0                nids_register_chksum_ctl
                0x00000000004165f0                ip_check_ext
                0x0000000000416660                ip_fast_csum
                0x00000000004166d0                ip_compute_csum
                0x00000000004166e0                my_udp_check
                0x0000000000416790                my_tcp_check
 *fill*         0x0000000000416839        0x7 90909090
 .text          0x0000000000416840      0xcd3 ../../libnids-1.24/src/libnids.a(ip_fragment.o)
                0x0000000000416840                ip_frag_exit
                0x0000000000416a80                ip_frag_init
                0x00000000004173f0                ip_defrag_stub
 *fill*         0x0000000000417513        0xd 90909090
 .text          0x0000000000417520      0x2ad ../../libnids-1.24/src/libnids.a(ip_options.o)
                0x0000000000417520                ip_options_compile
 *fill*         0x00000000004177cd        0x3 90909090
 .text          0x00000000004177d0       0x28 ../../libnids-1.24/src/libnids.a(killtcp.o)
                0x00000000004177d0                raw_init
                0x00000000004177e0                nids_killtcp
 *fill*         0x00000000004177f8        0x8 90909090
 .text          0x0000000000417800     0x28fb /root/dpdk-1.5.0r2/x86_64-default-linuxapp-gcc/lib/librte_pmd_e1000.a(igb_ethdev.o)
                0x0000000000418410                rte_igbvf_pmd_init
                0x0000000000418430                rte_igb_pmd_init
 *fill*         0x000000000041a0fb        0x5 90909090
 .text          0x000000000041a100     0x5b09 /root/dpdk-1.5.0r2/x86_64-default-linuxapp-gcc/lib/librte_pmd_e1000.a(igb_rxtx.o)
                0x000000000041a100                eth_igb_rx_queue_count
                0x000000000041a180                eth_igbvf_tx_init
                0x000000000041a330                eth_igb_rx_descriptor_done
                0x000000000041a410                eth_igb_tx_init
                0x000000000041af60                eth_igb_rx_queue_setup
                0x000000000041b230                eth_igbvf_rx_init
                0x000000000041b920                eth_igb_rx_queue_release
                0x000000000041b950                eth_igb_xmit_pkts
                0x000000000041d5d0                eth_igb_tx_queue_setup
                0x000000000041d9a0                igb_dev_clear_queues
                0x000000000041dba0                eth_igb_tx_queue_release
                0x000000000041dbd0                eth_igb_rx_init
                0x000000000041e7d0                eth_igb_recv_scattered_pkts
                0x000000000041f650                eth_igb_recv_pkts
 *fill*         0x000000000041fc09        0x7 90909090
 .text          0x000000000041fc10     0x1935 /root/dpdk-1.5.0r2/x86_64-default-linuxapp-gcc/lib/librte_pmd_e1000.a(em_ethdev.o)
                0x0000000000420300                rte_em_pmd_init
 *fill*         0x0000000000421545        0xb 90909090
 .text          0x0000000000421550     0x4e49 /root/dpdk-1.5.0r2/x86_64-default-linuxapp-gcc/lib/librte_pmd_e1000.a(em_rxtx.o)
                0x0000000000421550                eth_em_rx_queue_count
                0x00000000004215d0                eth_em_tx_init
                0x0000000000421790                eth_em_rx_descriptor_done
                0x00000000004219f0                eth_em_recv_pkts
                0x0000000000421f90                eth_em_xmit_pkts
                0x0000000000423c90                eth_em_rx_queue_setup
                0x0000000000423f10                eth_em_rx_queue_release
                0x0000000000424700                eth_em_tx_queue_setup
                0x0000000000424ac0                em_dev_clear_queues
                0x0000000000424c10                eth_em_tx_queue_release
                0x0000000000424c40                eth_em_rx_init
                0x0000000000425510                eth_em_recv_scattered_pkts
 *fill*         0x0000000000426399        0x7 90909090
 .text          0x00000000004263a0      0x9b7 /root/dpdk-1.5.0r2/x86_64-default-linuxapp-gcc/lib/librte_pmd_e1000.a(igb_pf.o)
                0x00000000004263a0                igb_pf_host_configure
                0x00000000004264e0                igb_pf_host_init
                0x0000000000426640                igb_pf_mbx_process
 *fill*         0x0000000000426d57        0x9 90909090
 .text          0x0000000000426d60     0x14e9 /root/dpdk-1.5.0r2/x86_64-default-linuxapp-gcc/lib/librte_pmd_e1000.a(e1000_82541.o)
                0x0000000000427090                e1000_init_function_pointers_82541
                0x0000000000427300                e1000_init_script_state_82541
 *fill*         0x0000000000428249        0x7 90909090
 .text          0x0000000000428250     0x1b5b /root/dpdk-1.5.0r2/x86_64-default-linuxapp-gcc/lib/librte_pmd_e1000.a(e1000_82543.o)
                0x00000000004283e0                e1000_init_function_pointers_82543
                0x0000000000428400                e1000_set_tbi_compatibility_82543
                0x0000000000428430                e1000_tbi_sbp_enabled_82543
                0x0000000000428450                e1000_tbi_adjust_stats_82543
 *fill*         0x0000000000429dab        0x5 90909090
 .text          0x0000000000429db0     0x1f33 /root/dpdk-1.5.0r2/x86_64-default-linuxapp-gcc/lib/librte_pmd_e1000.a(e1000_82571.o)
                0x000000000042a1b0                e1000_init_function_pointers_82571
                0x000000000042a500                e1000_check_phy_82574
                0x000000000042a5e0                e1000_get_laa_state_82571
                0x000000000042a600                e1000_set_laa_state_82571
 *fill*         0x000000000042bce3        0xd 90909090
 .text          0x000000000042bcf0     0x3f7b /root/dpdk-1.5.0r2/x86_64-default-linuxapp-gcc/lib/librte_pmd_e1000.a(e1000_82575.o)
                0x000000000042bcf0                e1000_init_nvm_params_82575
                0x000000000042beb0                e1000_init_function_pointers_82575
                0x000000000042c240                e1000_vmdq_set_anti_spoofing_pf
                0x000000000042c2e0                e1000_vmdq_set_loopback_pf
                0x000000000042c350                e1000_vmdq_set_replication_pf
                0x000000000042c380                e1000_rxpbs_adjust_82580
                0x000000000042c670                e1000_set_eee_i350
                0x000000000042c790                e1000_set_i2c_bb
                0x000000000042c7c0                e1000_rx_fifo_flush_82575
                0x000000000042ef60                e1000_i2c_bus_clear
                0x000000000042f2b0                e1000_write_i2c_byte_generic
                0x000000000042f3b0                e1000_read_i2c_byte_generic
 *fill*         0x000000000042fc6b        0x5 90909090
 .text          0x000000000042fc70      0xc0b /root/dpdk-1.5.0r2/x86_64-default-linuxapp-gcc/lib/librte_pmd_e1000.a(e1000_i210.o)
                0x000000000042fc70                e1000_read_invm_i211
                0x000000000042fec0                e1000_read_invm_version
                0x00000000004300d0                e1000_init_function_pointers_i210
                0x0000000000430170                e1000_update_flash_i210
                0x0000000000430200                e1000_update_nvm_checksum_i210
                0x0000000000430320                e1000_read_nvm_srrd_i210
                0x00000000004303e0                e1000_validate_nvm_checksum_i210
                0x00000000004304d0                e1000_write_nvm_srwr_i210
                0x0000000000430700                e1000_release_swfw_sync_i210
                0x00000000004307a0                e1000_acquire_swfw_sync_i210
 *fill*         0x000000000043087b        0x5 90909090
 .text          0x0000000000430880      0xe6a /root/dpdk-1.5.0r2/x86_64-default-linuxapp-gcc/lib/librte_pmd_e1000.a(e1000_api.o)
                0x0000000000430880                e1000_init_mac_params
                0x00000000004308a0                e1000_init_nvm_params
                0x00000000004308c0                e1000_init_phy_params
                0x00000000004308e0                e1000_init_mbx_params
                0x0000000000430900                e1000_set_mac_type
                0x0000000000430ef0                e1000_get_bus_info
                0x0000000000430f10                e1000_clear_vfta
                0x0000000000430f30                e1000_write_vfta
                0x0000000000430f50                e1000_update_mc_addr_list
                0x0000000000430f70                e1000_check_for_link
                0x0000000000430f90                e1000_check_mng_mode
                0x0000000000430fb0                e1000_reset_hw
                0x0000000000430fd0                e1000_init_hw
                0x0000000000430ff0                e1000_setup_link
                0x0000000000431010                e1000_get_speed_and_duplex
                0x0000000000431030                e1000_setup_led
                0x0000000000431050                e1000_cleanup_led
                0x0000000000431070                e1000_blink_led
                0x0000000000431090                e1000_id_led_init
                0x00000000004310b0                e1000_led_on
                0x00000000004310d0                e1000_led_off
                0x00000000004310f0                e1000_config_collision_dist
                0x0000000000431110                e1000_rar_set
                0x0000000000431130                e1000_validate_mdi_setting
                0x0000000000431150                e1000_mng_host_if_write
                0x0000000000431170                e1000_mng_write_cmd_header
                0x0000000000431190                e1000_mng_enable_host_if
                0x00000000004311b0                e1000_wait_autoneg
                0x00000000004311d0                e1000_check_reset_block
                0x00000000004311f0                e1000_read_phy_reg
                0x0000000000431210                e1000_write_phy_reg
                0x0000000000431230                e1000_release_phy
                0x0000000000431250                e1000_acquire_phy
                0x0000000000431270                e1000_cfg_on_link_up
                0x0000000000431290                e1000_get_cable_length
                0x00000000004312b0                e1000_get_phy_info
                0x00000000004312d0                e1000_phy_hw_reset
                0x00000000004312f0                e1000_phy_commit
                0x0000000000431310                e1000_set_d0_lplu_state
                0x0000000000431330                e1000_set_d3_lplu_state
                0x0000000000431350                e1000_validate_nvm_checksum
                0x0000000000431370                e1000_update_nvm_checksum
                0x0000000000431390                e1000_reload_nvm
                0x00000000004313b0                e1000_read_nvm
                0x00000000004313d0                e1000_write_nvm
                0x00000000004313f0                e1000_power_down_phy
                0x0000000000431410                e1000_power_up_fiber_serdes_link
                0x0000000000431430                e1000_shutdown_fiber_serdes_link
                0x0000000000431450                e1000_write_8bit_ctrl_reg
                0x0000000000431460                e1000_read_pba_length
                0x0000000000431470                e1000_read_pba_string
                0x0000000000431480                e1000_read_mac_addr
                0x00000000004314a0                e1000_write_kmrn_reg
                0x00000000004314b0                e1000_read_kmrn_reg
                0x00000000004314c0                e1000_enable_tx_pkt_filtering
                0x00000000004314d0                e1000_hash_mc_addr
                0x00000000004314e0                e1000_disable_pcie_master
                0x00000000004314f0                e1000_update_adaptive
                0x0000000000431500                e1000_reset_adaptive
                0x0000000000431510                e1000_mng_write_dhcp_info
                0x0000000000431520                e1000_force_mac_fc
                0x0000000000431530                e1000_setup_init_funcs
                0x00000000004316c0                e1000_power_up_phy
 *fill*         0x00000000004316ea        0x6 90909090
 .text          0x00000000004316f0     0x4127 /root/dpdk-1.5.0r2/x86_64-default-linuxapp-gcc/lib/librte_pmd_e1000.a(e1000_ich8lan.o)
                0x0000000000431950                e1000_init_function_pointers_ich8lan
                0x0000000000431fd0                e1000_set_kmrn_lock_loss_workaround_ich8lan
                0x00000000004322f0                e1000_gig_downshift_workaround_ich8lan
                0x00000000004325b0                e1000_copy_rx_addrs_to_phy_ich8lan
                0x0000000000432740                e1000_lv_jumbo_workaround_ich8lan
                0x0000000000432ee0                e1000_configure_k1_ich8lan
                0x00000000004341b0                e1000_resume_workarounds_pchlan
                0x0000000000434530                e1000_read_emi_reg_locked
                0x0000000000434db0                e1000_igp3_phy_powerdown_workaround_ich8lan
                0x0000000000435500                e1000_suspend_workarounds_ich8lan
 *fill*         0x0000000000435817        0x9 90909090
 .text          0x0000000000435820     0x1d30 /root/dpdk-1.5.0r2/x86_64-default-linuxapp-gcc/lib/librte_pmd_e1000.a(e1000_mac.o)
                0x0000000000435820                e1000_init_mac_ops_generic
                0x0000000000435930                e1000_null_ops_generic
                0x0000000000435940                e1000_null_mac_generic
                0x0000000000435950                e1000_null_link_info
                0x0000000000435960                e1000_null_mng_mode
                0x0000000000435970                e1000_null_update_mc
                0x0000000000435980                e1000_null_write_vfta
                0x0000000000435990                e1000_null_rar_set
                0x00000000004359a0                e1000_get_bus_info_pci_generic
                0x0000000000435a80                e1000_set_lan_id_single_port
                0x0000000000435a90                e1000_clear_vfta_generic
                0x0000000000435ad0                e1000_write_vfta_generic
                0x0000000000435af0                e1000_init_rx_addrs_generic
                0x0000000000435b60                e1000_check_alt_mac_addr_generic
                0x0000000000435da0                e1000_hash_mc_addr_generic
                0x0000000000435e40                e1000_clear_hw_cntrs_base_generic
                0x0000000000435f30                e1000_set_default_fc_generic
                0x0000000000435f90                e1000_commit_fc_settings_generic
                0x0000000000436000                e1000_set_fc_watermarks_generic
                0x0000000000436040                e1000_force_mac_fc_generic
                0x00000000004360a0                e1000_config_fc_after_link_up_generic
                0x0000000000436370                e1000_check_for_fiber_link_generic
                0x0000000000436400                e1000_get_speed_and_duplex_copper_generic
                0x0000000000436440                e1000_get_speed_and_duplex_fiber_serdes_generic
                0x0000000000436450                e1000_put_hw_semaphore_generic
                0x0000000000436470                e1000_valid_led_default_generic
                0x00000000004364b0                e1000_id_led_init_generic
                0x0000000000436860                e1000_setup_led_generic
                0x00000000004368c0                e1000_cleanup_led_generic
                0x00000000004368e0                e1000_blink_led_generic
                0x0000000000436940                e1000_led_on_generic
                0x0000000000436980                e1000_led_off_generic
                0x00000000004369c0                e1000_set_pcie_no_snoop_generic
                0x00000000004369f0                e1000_reset_adaptive_generic
                0x0000000000436a50                e1000_update_adaptive_generic
                0x0000000000436b40                e1000_validate_mdi_setting_crossover_generic
                0x0000000000436b50                e1000_write_8bit_ctrl_reg_generic
                0x0000000000436bb0                e1000_disable_pcie_master_generic
                0x0000000000436c20                e1000_get_auto_rd_done_generic
                0x0000000000436d30                e1000_get_hw_semaphore_generic
                0x0000000000436de0                e1000_poll_fiber_serdes_link_generic
                0x0000000000436e40                e1000_check_for_serdes_link_generic
                0x0000000000436fc0                e1000_check_for_copper_link_generic
                0x0000000000437040                e1000_set_lan_id_multi_port_pci
                0x0000000000437090                e1000_pcix_mmrbc_workaround_generic
                0x0000000000437130                e1000_get_bus_info_pcie_generic
                0x00000000004371d0                e1000_update_mc_addr_list_generic
                0x0000000000437330                e1000_setup_link_generic
                0x0000000000437460                e1000_setup_fiber_serdes_link_generic
 .text          0x0000000000437550      0x979 /root/dpdk-1.5.0r2/x86_64-default-linuxapp-gcc/lib/librte_pmd_e1000.a(e1000_manage.o)
                0x0000000000437550                e1000_calculate_checksum
                0x00000000004375e0                e1000_check_mng_mode_generic
                0x0000000000437600                e1000_enable_tx_pkt_filtering_generic
                0x0000000000437710                e1000_mng_write_cmd_header_generic
                0x0000000000437760                e1000_mng_host_if_write_generic
                0x0000000000437960                e1000_mng_write_dhcp_info_generic
                0x0000000000437a10                e1000_load_firmware
                0x0000000000437bc0                e1000_host_interface_command
                0x0000000000437cd0                e1000_mng_enable_host_if_generic
                0x0000000000437e10                e1000_enable_mng_pass_thru
 *fill*         0x0000000000437ec9        0x7 90909090
 .text          0x0000000000437ed0      0x8d2 /root/dpdk-1.5.0r2/x86_64-default-linuxapp-gcc/lib/librte_pmd_e1000.a(e1000_mbx.o)
                0x0000000000437ef0                e1000_read_mbx
                0x0000000000437f20                e1000_write_mbx
                0x0000000000437f50                e1000_check_for_msg
                0x0000000000437f70                e1000_check_for_ack
                0x0000000000437f90                e1000_check_for_rst
                0x0000000000437fb0                e1000_init_mbx_ops_generic
                0x00000000004382b0                e1000_init_mbx_params_vf
                0x0000000000438520                e1000_init_mbx_params_pf
                0x00000000004385e0                e1000_write_posted_mbx
                0x00000000004386b0                e1000_read_posted_mbx
 *fill*         0x00000000004387a2        0xe 90909090
 .text          0x00000000004387b0     0x20c8 /root/dpdk-1.5.0r2/x86_64-default-linuxapp-gcc/lib/librte_pmd_e1000.a(e1000_nvm.o)
                0x00000000004387b0                e1000_init_nvm_ops_generic
                0x0000000000438820                e1000_null_read_nvm
                0x0000000000438830                e1000_null_nvm_generic
                0x0000000000438840                e1000_null_led_default
                0x0000000000438850                e1000_null_write_nvm
                0x0000000000438860                e1000_read_pba_string_generic
                0x0000000000438c20                e1000_read_pba_length_generic
                0x0000000000438d00                e1000_read_mac_addr_generic
                0x0000000000438d80                e1000_validate_nvm_checksum_generic
                0x0000000000438df0                e1000_update_nvm_checksum_generic
                0x0000000000438e80                e1000_get_fw_version
                0x0000000000439020                e1000_get_pba_block_size
                0x0000000000439110                e1000_write_pba_raw
                0x0000000000439210                e1000_read_pba_raw
                0x0000000000439420                e1000_acquire_nvm_generic
                0x0000000000439480                e1000_poll_eerd_eewr_done
                0x0000000000439520                e1000_read_nvm_eerd
                0x0000000000439840                e1000_write_nvm_microwire
                0x0000000000439a10                e1000_read_nvm_microwire
                0x0000000000439b20                e1000_read_nvm_spi
                0x0000000000439c40                e1000_stop_nvm
                0x0000000000439ce0                e1000_release_nvm_generic
                0x0000000000439d70                e1000_write_nvm_spi
 *fill*         0x000000000043a878        0x8 90909090
 .text          0x000000000043a880       0x56 /root/dpdk-1.5.0r2/x86_64-default-linuxapp-gcc/lib/librte_pmd_e1000.a(e1000_osdep.o)
                0x000000000043a880                e1000_write_pci_cfg
                0x000000000043a890                e1000_read_pci_cfg
                0x000000000043a8a0                e1000_pci_set_mwi
                0x000000000043a8b0                e1000_pci_clear_mwi
                0x000000000043a8c0                e1000_read_pcie_cap_reg
                0x000000000043a8d0                e1000_write_pcie_cap_reg
 *fill*         0x000000000043a8d6        0xa 90909090
 .text          0x000000000043a8e0     0x510a /root/dpdk-1.5.0r2/x86_64-default-linuxapp-gcc/lib/librte_pmd_e1000.a(e1000_phy.o)
                0x000000000043a8e0                e1000_init_phy_ops_generic
                0x000000000043aa00                e1000_null_set_page
                0x000000000043aa10                e1000_null_read_reg
                0x000000000043aa20                e1000_null_phy_generic
                0x000000000043aa30                e1000_null_lplu_state
                0x000000000043aa40                e1000_null_write_reg
                0x000000000043aa50                e1000_read_i2c_byte_null
                0x000000000043aa60                e1000_write_i2c_byte_null
                0x000000000043aa70                e1000_check_reset_block_generic
                0x000000000043aa90                e1000_phy_reset_dsp_generic
                0x000000000043ab90                e1000_copper_link_setup_82577
                0x000000000043aca0                e1000_copper_link_setup_m88
                0x000000000043af80                e1000_copper_link_setup_m88_gen2
                0x000000000043b020                e1000_phy_setup_autoneg
                0x000000000043b150                e1000_copper_link_autoneg
                0x000000000043b1f0                e1000_phy_force_speed_duplex_setup
                0x000000000043b2a0                e1000_set_d3_lplu_state_generic
                0x000000000043b3e0                e1000_check_downshift_generic
                0x000000000043b490                e1000_check_polarity_m88
                0x000000000043b4d0                e1000_check_polarity_igp
                0x000000000043b560                e1000_check_polarity_ife
                0x000000000043b5c0                e1000_get_cable_length_m88
                0x000000000043b640                e1000_get_cable_length_m88_gen2
                0x000000000043b880                e1000_get_cable_length_igp_2
                0x000000000043baa0                e1000_phy_init_script_igp3
                0x000000000043bd00                e1000_get_phy_type_from_id
                0x000000000043be70                e1000_power_up_phy_copper
                0x000000000043bf00                e1000_check_polarity_82577
                0x000000000043bf40                e1000_get_cable_length_82577
                0x000000000043bf80                e1000_link_stall_workaround_hv
                0x000000000043c030                e1000_power_down_phy_copper
                0x000000000043c0d0                e1000_get_cfg_done_generic
                0x000000000043c0f0                e1000_phy_hw_reset_generic
                0x000000000043c190                e1000_phy_sw_reset_generic
                0x000000000043c200                e1000_phy_has_link_generic
                0x000000000043c350                e1000_get_phy_info_82577
                0x000000000043c460                e1000_get_phy_info_ife
                0x000000000043c550                e1000_get_phy_info_igp
                0x000000000043c660                e1000_get_phy_info_m88
                0x000000000043c790                e1000_wait_autoneg_generic
                0x000000000043c820                e1000_copper_link_setup_igp
                0x000000000043c9d0                e1000_write_kmrn_reg_generic
                0x000000000043ca50                e1000_read_kmrn_reg_locked
                0x000000000043cab0                e1000_write_sfp_data_byte
                0x000000000043cb90                e1000_read_sfp_data_byte
                0x000000000043cc30                e1000_write_phy_reg_i2c
                0x000000000043ccd0                e1000_read_phy_reg_i2c
                0x000000000043cd50                e1000_write_phy_reg_mdic
                0x000000000043ce00                e1000_read_phy_reg_mdic
                0x000000000043cec0                e1000_get_phy_id
                0x000000000043cfb0                e1000_determine_phy_address
                0x000000000043d250                e1000_write_kmrn_reg_locked
                0x000000000043d280                e1000_read_kmrn_reg_generic
                0x000000000043d310                e1000_phy_force_speed_duplex_82577
                0x000000000043d440                e1000_phy_force_speed_duplex_ife
                0x000000000043d5d0                e1000_phy_force_speed_duplex_igp
                0x000000000043d760                e1000_setup_copper_link_generic
                0x000000000043d860                e1000_phy_force_speed_duplex_m88
                0x000000000043db40                e1000_read_phy_reg_m88
                0x000000000043dc30                e1000_set_page_igp
                0x000000000043dcc0                e1000_write_phy_reg_m88
                0x000000000043ddb0                e1000_disable_phy_wakeup_reg_access_bm
                0x000000000043deb0                e1000_read_phy_reg_gs40g
                0x000000000043e010                e1000_write_phy_reg_igp
                0x000000000043e170                e1000_read_phy_reg_igp_locked
                0x000000000043e280                e1000_read_phy_reg_igp
                0x000000000043e6e0                e1000_write_phy_reg_bm2
                0x000000000043e840                e1000_write_phy_reg_bm
                0x000000000043ea60                e1000_read_phy_reg_bm2
                0x000000000043ebf0                e1000_read_phy_reg_bm
                0x000000000043ee30                e1000_write_phy_reg_igp_locked
                0x000000000043ef50                e1000_enable_phy_wakeup_reg_access_bm
                0x000000000043f0e0                e1000_write_phy_reg_gs40g
                0x000000000043f680                e1000_write_phy_reg_page_hv
                0x000000000043f6a0                e1000_write_phy_reg_hv_locked
                0x000000000043f6b0                e1000_write_phy_reg_hv
                0x000000000043f9c0                e1000_read_phy_reg_page_hv
                0x000000000043f9d0                e1000_read_phy_reg_hv_locked
                0x000000000043f9e0                e1000_read_phy_reg_hv
 *fill*         0x000000000043f9ea        0x6 90909090
 .text          0x000000000043f9f0      0x78f /root/dpdk-1.5.0r2/x86_64-default-linuxapp-gcc/lib/librte_pmd_e1000.a(e1000_vf.o)
                0x000000000043faf0                e1000_init_function_pointers_vf
                0x000000000043fbb0                e1000_vfta_set_vf
                0x000000000043fc10                e1000_promisc_set_vf
                0x000000000043ff60                e1000_rlpml_set_vf
 *fill*         0x000000000044017f        0x1 90909090
 .text          0x0000000000440180     0x19d5 /root/dpdk-1.5.0r2/x86_64-default-linuxapp-gcc/lib/librte_pmd_e1000.a(e1000_80003es2lan.o)
                0x0000000000440400                e1000_init_function_pointers_80003es2lan
 *fill*         0x0000000000441b55        0xb 90909090
 .text          0x0000000000441b60      0xa0d /root/dpdk-1.5.0r2/x86_64-default-linuxapp-gcc/lib/librte_pmd_e1000.a(e1000_82540.o)
                0x0000000000441df0                e1000_init_function_pointers_82540
 *fill*         0x000000000044256d        0x3 90909090
 .text          0x0000000000442570      0x8f0 /root/dpdk-1.5.0r2/x86_64-default-linuxapp-gcc/lib/librte_pmd_e1000.a(e1000_82542.o)
                0x00000000004426b0                e1000_init_function_pointers_82542
                0x00000000004427a0                e1000_translate_register_82542
 .text          0x0000000000442e60     0x5e91 /root/dpdk-1.5.0r2/x86_64-default-linuxapp-gcc/lib/librte_pmd_ixgbe.a(ixgbe_ethdev.o)
                0x0000000000442fb0                ixgbe_vlan_hw_filter_disable
                0x0000000000442fd0                ixgbe_vlan_hw_filter_enable
                0x00000000004452d0                rte_ixgbevf_pmd_init
                0x00000000004452f0                rte_ixgbe_pmd_init
                0x0000000000447e00                ixgbe_vlan_hw_strip_disable_all
                0x0000000000447ec0                ixgbe_vlan_hw_strip_enable_all
 *fill*         0x0000000000448cf1        0xf 90909090
 .text          0x0000000000448d00     0x18a1 /root/dpdk-1.5.0r2/x86_64-default-linuxapp-gcc/lib/librte_pmd_ixgbe.a(ixgbe_fdir.o)
                0x0000000000448d00                ixgbe_fdir_info_get
                0x0000000000449160                ixgbe_fdir_configure
                0x00000000004493f0                ixgbe_fdir_set_masks
                0x0000000000449820                ixgbe_fdir_add_perfect_filter
                0x0000000000449a90                ixgbe_fdir_remove_perfect_filter
                0x0000000000449c10                ixgbe_fdir_update_perfect_filter
                0x000000000044a100                ixgbe_fdir_update_signature_filter
                0x000000000044a2a0                ixgbe_fdir_remove_signature_filter
                0x000000000044a410                ixgbe_fdir_add_signature_filter
 *fill*         0x000000000044a5a1        0xf 90909090
 .text          0x000000000044a5b0      0xc52 /root/dpdk-1.5.0r2/x86_64-default-linuxapp-gcc/lib/librte_pmd_ixgbe.a(ixgbe_pf.o)
                0x000000000044a5b0                ixgbe_pf_host_configure
                0x000000000044a860                ixgbe_pf_host_init
                0x000000000044aa30                ixgbe_pf_mbx_process
 *fill*         0x000000000044b202        0xe 90909090
 .text          0x000000000044b210     0x68db /root/dpdk-1.5.0r2/x86_64-default-linuxapp-gcc/lib/librte_pmd_ixgbe.a(ixgbe_common.o)
                0x000000000044b210                ixgbe_init_ops_generic
                0x000000000044b410                ixgbe_device_supports_autoneg_fc
                0x000000000044b440                ixgbe_start_hw_gen2
                0x000000000044b530                ixgbe_init_hw_generic
                0x000000000044b550                ixgbe_read_pba_string_generic
                0x000000000044b8a0                ixgbe_read_pba_num_generic
                0x000000000044b920                ixgbe_get_pba_block_size
                0x000000000044ba10                ixgbe_get_mac_addr_generic
                0x000000000044ba50                ixgbe_get_bus_info_generic
                0x000000000044ba90                ixgbe_set_lan_id_multi_port_pcie
                0x000000000044bad0                ixgbe_led_on_generic
                0x000000000044bb00                ixgbe_led_off_generic
                0x000000000044bb30                ixgbe_init_eeprom_params_generic
                0x000000000044bbb0                ixgbe_calc_eeprom_checksum_generic
                0x000000000044bce0                ixgbe_validate_eeprom_checksum_generic
                0x000000000044bd70                ixgbe_update_eeprom_checksum_generic
                0x000000000044bdb0                ixgbe_validate_mac_addr
                0x000000000044be00                ixgbe_set_rar_generic
                0x000000000044bf20                ixgbe_clear_rar_generic
                0x000000000044bfb0                ixgbe_add_uc_addr
                0x000000000044bff0                ixgbe_enable_mc_generic
                0x000000000044c010                ixgbe_disable_mc_generic
                0x000000000044c0c0                ixgbe_fc_autoneg
                0x000000000044c280                ixgbe_fc_enable_generic
                0x000000000044c850                ixgbe_enable_sec_rx_path_generic
                0x000000000044c870                ixgbe_enable_rx_dma_generic
                0x000000000044c880                ixgbe_get_san_mac_addr_generic
                0x000000000044c9a0                ixgbe_set_san_mac_addr_generic
                0x000000000044ca90                ixgbe_get_pcie_msix_count_generic
                0x000000000044caa0                ixgbe_clear_vmdq_generic
                0x000000000044cb70                ixgbe_set_vmdq_generic
                0x000000000044cbd0                ixgbe_set_vmdq_san_mac_generic
                0x000000000044cc40                ixgbe_init_uta_tables_generic
                0x000000000044cc70                ixgbe_find_vlvf_slot
                0x000000000044ccd0                ixgbe_clear_vfta_generic
                0x000000000044cd60                ixgbe_get_wwn_prefix_generic
                0x000000000044ce10                ixgbe_get_fcoe_boot_status_generic
                0x000000000044ceb0                ixgbe_set_mac_anti_spoofing
                0x000000000044cf70                ixgbe_set_vlan_anti_spoofing
                0x000000000044cfc0                ixgbe_get_device_caps_generic
                0x000000000044cfe0                ixgbe_enable_relaxed_ordering_gen2
                0x000000000044d090                ixgbe_set_rxpba_generic
                0x000000000044d250                ixgbe_clear_tx_pending
                0x000000000044d2d0                ixgbe_set_fw_drv_ver_generic
                0x000000000044d480                ixgbe_check_mac_link_generic
                0x000000000044d570                ixgbe_disable_sec_rx_path_generic
                0x000000000044d5c0                ixgbe_release_swfw_sync
                0x000000000044d6d0                ixgbe_disable_pcie_master
                0x000000000044d740                ixgbe_poll_eerd_eewr_done
                0x000000000044d830                ixgbe_insert_mac_addr_generic
                0x000000000044d970                ixgbe_blink_led_start_generic
                0x000000000044da90                ixgbe_blink_led_stop_generic
                0x000000000044dba0                ixgbe_start_hw_generic
                0x000000000044ded0                ixgbe_set_mta
                0x000000000044dfa0                ixgbe_write_pba_raw
                0x000000000044e0b0                ixgbe_read_pba_raw
                0x000000000044e1f0                ixgbe_clear_hw_cntrs_generic
                0x000000000044ea30                ixgbe_read_eerd_generic
                0x000000000044ea90                ixgbe_write_eewr_generic
                0x000000000044eaf0                ixgbe_update_uc_addr_list_generic
                0x000000000044ec80                ixgbe_init_rx_addrs_generic
                0x000000000044edf0                ixgbe_set_vlvf_generic
                0x000000000044efc0                ixgbe_set_vfta_generic
                0x000000000044f080                ixgbe_update_mc_addr_list_generic
                0x000000000044f250                ixgbe_stop_adapter_generic
                0x000000000044f390                ixgbe_acquire_swfw_sync
                0x000000000044f500                ixgbe_write_eewr_buffer_generic
                0x000000000044f620                ixgbe_read_eerd_buffer_generic
                0x0000000000450740                ixgbe_read_eeprom_bit_bang_generic
                0x00000000004507b0                ixgbe_read_eeprom_buffer_bit_bang_generic
                0x0000000000451860                ixgbe_write_eeprom_generic
                0x00000000004518b0                ixgbe_write_eeprom_buffer_bit_bang_generic
 *fill*         0x0000000000451aeb        0x5 90909090
 .text          0x0000000000451af0     0x3156 /root/dpdk-1.5.0r2/x86_64-default-linuxapp-gcc/lib/librte_pmd_ixgbe.a(ixgbe_82599.o)
                0x0000000000451af0                ixgbe_get_link_capabilities_82599
                0x0000000000451c70                ixgbe_get_media_type_82599
                0x0000000000451d50                ixgbe_get_supported_physical_layer_82599
                0x0000000000451fa0                ixgbe_enable_rx_dma_82599
                0x0000000000451fe0                ixgbe_verify_lesm_fw_enabled_82599
                0x0000000000452070                ixgbe_reset_pipeline_82599
                0x0000000000452200                ixgbe_write_analog_reg8_82599
                0x0000000000452230                ixgbe_read_analog_reg8_82599
                0x0000000000452280                ixgbe_fdir_erase_perfect_filter_82599
                0x00000000004523f0                ixgbe_init_fdir_perfect_82599
                0x0000000000452520                ixgbe_init_fdir_signature_82599
                0x0000000000452650                ixgbe_reinit_fdir_tables_82599
                0x0000000000452900                ixgbe_enable_tx_laser_multispeed_fiber
                0x0000000000452920                ixgbe_disable_tx_laser_multispeed_fiber
                0x0000000000452940                ixgbe_identify_phy_82599
                0x00000000004529c0                ixgbe_start_hw_82599
                0x0000000000452a90                ixgbe_fdir_write_perfect_filter_82599
                0x0000000000452c60                ixgbe_fdir_set_input_mask_82599
                0x0000000000452e60                ixgbe_atr_compute_perfect_hash_82599
                0x0000000000452f90                ixgbe_fdir_add_perfect_filter_82599
                0x0000000000453080                ixgbe_atr_compute_sig_hash_82599
                0x0000000000453150                ixgbe_reset_hw_82599
                0x0000000000453510                ixgbe_setup_mac_link_82599
                0x00000000004537d0                ixgbe_setup_mac_link_smartspeed
                0x0000000000453cf0                ixgbe_setup_mac_link_multispeed_fiber
                0x00000000004540d0                ixgbe_init_mac_link_ops_82599
                0x0000000000454190                ixgbe_flap_tx_laser_multispeed_fiber
                0x00000000004541e0                ixgbe_init_ops_82599
                0x00000000004544a0                ixgbe_setup_sfp_modules_82599
                0x00000000004546b0                ixgbe_init_phy_ops_82599
                0x0000000000454810                ixgbe_start_mac_link_82599
                0x0000000000454b00                ixgbe_fdir_add_signature_filter_82599
 *fill*         0x0000000000454c46        0xa 90909090
 .text          0x0000000000454c50     0x2806 /root/dpdk-1.5.0r2/x86_64-default-linuxapp-gcc/lib/librte_pmd_ixgbe.a(ixgbe_phy.o)
                0x0000000000454c50                ixgbe_init_phy_ops_generic
                0x0000000000454d10                ixgbe_validate_phy_addr
                0x0000000000454d50                ixgbe_get_phy_id
                0x0000000000454dd0                ixgbe_get_phy_type_from_id
                0x0000000000454e10                ixgbe_setup_phy_link_speed_generic
                0x0000000000454e70                ixgbe_get_copper_link_capabilities_generic
                0x0000000000454ed0                ixgbe_get_phy_firmware_version_tnx
                0x0000000000454ef0                ixgbe_get_phy_firmware_version_generic
                0x0000000000454f10                ixgbe_get_sfp_init_sequence_offsets
                0x00000000004550b0                ixgbe_read_i2c_eeprom_generic
                0x00000000004550d0                ixgbe_write_i2c_eeprom_generic
                0x00000000004550f0                ixgbe_tn_check_overtemp
                0x0000000000455140                ixgbe_reset_phy_nl
                0x0000000000455350                ixgbe_check_phy_link_tnx
                0x00000000004555a0                ixgbe_write_phy_reg_generic
                0x00000000004556c0                ixgbe_read_phy_reg_generic
                0x00000000004557e0                ixgbe_identify_sfp_module_generic
                0x0000000000455e10                ixgbe_identify_module_generic
                0x0000000000456120                ixgbe_i2c_bus_clear
                0x0000000000456200                ixgbe_setup_phy_link_tnx
                0x00000000004565f0                ixgbe_setup_phy_link_generic
                0x0000000000456b70                ixgbe_read_i2c_byte_generic
                0x0000000000456fc0                ixgbe_write_i2c_byte_generic
                0x00000000004571b0                ixgbe_identify_phy_generic
                0x0000000000457380                ixgbe_reset_phy_generic
 *fill*         0x0000000000457456        0xa 90909090
 .text          0x0000000000457460      0xd9b /root/dpdk-1.5.0r2/x86_64-default-linuxapp-gcc/lib/librte_pmd_ixgbe.a(ixgbe_api.o)
                0x0000000000457460                ixgbe_set_mac_type
                0x0000000000457620                ixgbe_init_hw
                0x0000000000457640                ixgbe_reset_hw
                0x0000000000457660                ixgbe_start_hw
                0x0000000000457680                ixgbe_enable_relaxed_ordering
                0x00000000004576a0                ixgbe_clear_hw_cntrs
                0x00000000004576c0                ixgbe_get_media_type
                0x00000000004576e0                ixgbe_get_mac_addr
                0x0000000000457700                ixgbe_get_san_mac_addr
                0x0000000000457720                ixgbe_set_san_mac_addr
                0x0000000000457740                ixgbe_get_device_caps
                0x0000000000457760                ixgbe_get_wwn_prefix
                0x0000000000457780                ixgbe_get_fcoe_boot_status
                0x00000000004577a0                ixgbe_get_bus_info
                0x00000000004577c0                ixgbe_get_num_of_tx_queues
                0x00000000004577d0                ixgbe_get_num_of_rx_queues
                0x00000000004577e0                ixgbe_stop_adapter
                0x0000000000457800                ixgbe_identify_phy
                0x0000000000457830                ixgbe_get_phy_firmware_version
                0x0000000000457850                ixgbe_setup_phy_link
                0x0000000000457870                ixgbe_check_phy_link
                0x0000000000457890                ixgbe_setup_phy_link_speed
                0x00000000004578b0                ixgbe_check_link
                0x00000000004578d0                ixgbe_disable_tx_laser
                0x00000000004578f0                ixgbe_enable_tx_laser
                0x0000000000457910                ixgbe_flap_tx_laser
                0x0000000000457930                ixgbe_setup_link
                0x0000000000457950                ixgbe_get_link_capabilities
                0x0000000000457970                ixgbe_led_on
                0x0000000000457990                ixgbe_led_off
                0x00000000004579b0                ixgbe_blink_led_start
                0x00000000004579d0                ixgbe_blink_led_stop
                0x00000000004579f0                ixgbe_init_eeprom_params
                0x0000000000457a10                ixgbe_write_eeprom
                0x0000000000457a30                ixgbe_write_eeprom_buffer
                0x0000000000457a50                ixgbe_read_eeprom
                0x0000000000457a70                ixgbe_read_eeprom_buffer
                0x0000000000457a90                ixgbe_validate_eeprom_checksum
                0x0000000000457ab0                ixgbe_update_eeprom_checksum
                0x0000000000457ad0                ixgbe_insert_mac_addr
                0x0000000000457af0                ixgbe_set_rar
                0x0000000000457b10                ixgbe_clear_rar
                0x0000000000457b30                ixgbe_set_vmdq
                0x0000000000457b50                ixgbe_set_vmdq_san_mac
                0x0000000000457b70                ixgbe_clear_vmdq
                0x0000000000457b90                ixgbe_init_rx_addrs
                0x0000000000457bb0                ixgbe_get_num_rx_addrs
                0x0000000000457bc0                ixgbe_update_uc_addr_list
                0x0000000000457be0                ixgbe_update_mc_addr_list
                0x0000000000457c00                ixgbe_enable_mc
                0x0000000000457c20                ixgbe_disable_mc
                0x0000000000457c40                ixgbe_clear_vfta
                0x0000000000457c60                ixgbe_set_vfta
                0x0000000000457c80                ixgbe_set_vlvf
                0x0000000000457ca0                ixgbe_fc_enable
                0x0000000000457cc0                ixgbe_set_fw_drv_ver
                0x0000000000457cf0                ixgbe_read_analog_reg8
                0x0000000000457d10                ixgbe_write_analog_reg8
                0x0000000000457d30                ixgbe_init_uta_tables
                0x0000000000457d50                ixgbe_read_i2c_byte
                0x0000000000457d70                ixgbe_write_i2c_byte
                0x0000000000457da0                ixgbe_write_i2c_eeprom
                0x0000000000457dc0                ixgbe_read_i2c_eeprom
                0x0000000000457de0                ixgbe_get_supported_physical_layer
                0x0000000000457e00                ixgbe_enable_rx_dma
                0x0000000000457e20                ixgbe_disable_sec_rx_path
                0x0000000000457e40                ixgbe_enable_sec_rx_path
                0x0000000000457e60                ixgbe_acquire_swfw_semaphore
                0x0000000000457e80                ixgbe_release_swfw_semaphore
                0x0000000000457ea0                ixgbe_read_pba_num
                0x0000000000457eb0                ixgbe_read_pba_string
                0x0000000000457ec0                ixgbe_write_phy_reg
                0x0000000000457f50                ixgbe_reset_phy
                0x0000000000457fa0                ixgbe_read_phy_reg
                0x0000000000458020                ixgbe_init_shared_code
 *fill*         0x00000000004581fb        0x5 90909090
 .text          0x0000000000458200      0x910 /root/dpdk-1.5.0r2/x86_64-default-linuxapp-gcc/lib/librte_pmd_ixgbe.a(ixgbe_vf.o)
                0x0000000000458200                ixgbe_init_ops_vf
                0x00000000004582e0                ixgbe_start_hw_vf
                0x00000000004582f0                ixgbe_init_hw_vf
                0x0000000000458330                ixgbe_set_vfta_vf
                0x00000000004583a0                ixgbe_get_num_of_tx_queues_vf
                0x00000000004583b0                ixgbe_get_num_of_rx_queues_vf
                0x00000000004583c0                ixgbe_get_mac_addr_vf
                0x0000000000458400                ixgbe_setup_mac_link_vf
                0x0000000000458410                ixgbe_check_mac_link_vf
                0x00000000004584d0                ixgbevf_rlpml_set_vf
                0x0000000000458520                ixgbevf_negotiate_api_version
                0x00000000004585c0                ixgbevf_get_queues
                0x00000000004586f0                ixgbevf_set_uc_addr_vf
                0x0000000000458780                ixgbe_set_rar_vf
                0x0000000000458850                ixgbe_update_mc_addr_list_vf
                0x0000000000458990                ixgbe_stop_adapter_vf
                0x0000000000458a30                ixgbe_reset_hw_vf
 .text          0x0000000000458b10     0x2a18 /root/dpdk-1.5.0r2/x86_64-default-linuxapp-gcc/lib/librte_pmd_ixgbe.a(ixgbe_dcb.o)
                0x0000000000458b10                ixgbe_dcb_calculate_tc_credits
                0x0000000000458e50                ixgbe_dcb_calculate_tc_credits_cee
                0x0000000000459bc0                ixgbe_dcb_unpack_pfc_cee
                0x0000000000459c70                ixgbe_dcb_unpack_refill_cee
                0x0000000000459cd0                ixgbe_dcb_unpack_max_cee
                0x0000000000459d20                ixgbe_dcb_unpack_bwgid_cee
                0x0000000000459d80                ixgbe_dcb_unpack_tsa_cee
                0x0000000000459dd0                ixgbe_dcb_get_tc_from_up
                0x0000000000459e40                ixgbe_dcb_unpack_map_cee
                0x0000000000459eb0                ixgbe_dcb_config_rx_arbiter_cee
                0x000000000045a0d0                ixgbe_dcb_config_tx_desc_arbiter_cee
                0x000000000045a270                ixgbe_dcb_hw_config
                0x000000000045a360                ixgbe_dcb_config_tx_data_arbiter_cee
                0x000000000045a580                ixgbe_dcb_config_pfc
                0x000000000045a5c0                ixgbe_dcb_config_pfc_cee
                0x000000000045a750                ixgbe_dcb_config_tc_stats
                0x000000000045a780                ixgbe_dcb_get_pfc_stats
                0x000000000045a7c0                ixgbe_dcb_get_tc_stats
                0x000000000045a800                ixgbe_dcb_check_config_cee
                0x000000000045b1a0                ixgbe_dcb_hw_config_cee
 *fill*         0x000000000045b528        0x8 90909090
 .text          0x000000000045b530     0x15a4 /root/dpdk-1.5.0r2/x86_64-default-linuxapp-gcc/lib/librte_pmd_ixgbe.a(ixgbe_dcb_82599.o)
                0x000000000045b530                ixgbe_dcb_get_tc_stats_82599
                0x000000000045b5f0                ixgbe_dcb_get_pfc_stats_82599
                0x000000000045b650                ixgbe_dcb_config_rx_arbiter_82599
                0x000000000045b860                ixgbe_dcb_config_tx_desc_arbiter_82599
                0x000000000045bad0                ixgbe_dcb_config_tx_data_arbiter_82599
                0x000000000045bdc0                ixgbe_dcb_config_pfc_82599
                0x000000000045c140                ixgbe_dcb_config_tc_stats_82599
                0x000000000045c2e0                ixgbe_dcb_config_82599
                0x000000000045c3f0                ixgbe_dcb_hw_config_82599
 *fill*         0x000000000045cad4        0xc 90909090
 .text          0x000000000045cae0     0x131b /root/dpdk-1.5.0r2/x86_64-default-linuxapp-gcc/lib/librte_pmd_ixgbe.a(ixgbe_dcb_82598.o)
                0x000000000045cae0                ixgbe_dcb_get_tc_stats_82598
                0x000000000045cb60                ixgbe_dcb_get_pfc_stats_82598
                0x000000000045cbc0                ixgbe_dcb_config_rx_arbiter_82598
                0x000000000045cd40                ixgbe_dcb_config_tx_desc_arbiter_82598
                0x000000000045cfe0                ixgbe_dcb_config_tx_data_arbiter_82598
                0x000000000045d290                ixgbe_dcb_config_pfc_82598
                0x000000000045d5a0                ixgbe_dcb_config_tc_stats_82598
                0x000000000045d680                ixgbe_dcb_hw_config_82598
 *fill*         0x000000000045ddfb        0x5 90909090
 .text          0x000000000045de00      0x8e4 /root/dpdk-1.5.0r2/x86_64-default-linuxapp-gcc/lib/librte_pmd_ixgbe.a(ixgbe_mbx.o)
                0x000000000045de00                ixgbe_read_mbx
                0x000000000045de30                ixgbe_write_mbx
                0x000000000045de60                ixgbe_check_for_msg
                0x000000000045de80                ixgbe_check_for_ack
                0x000000000045dea0                ixgbe_check_for_rst
                0x000000000045dec0                ixgbe_init_mbx_ops_generic
                0x000000000045e180                ixgbe_init_mbx_params_vf
                0x000000000045e3b0                ixgbe_init_mbx_params_pf
                0x000000000045e470                ixgbe_write_posted_mbx
                0x000000000045e530                ixgbe_read_posted_mbx
 *fill*         0x000000000045e6e4        0xc 90909090
 .text          0x000000000045e6f0     0xa3a8 /root/dpdk-1.5.0r2/x86_64-default-linuxapp-gcc/lib/librte_pmd_ixgbe.a(ixgbe_rxtx.o)
                0x000000000045e6f0                ixgbe_dev_rx_queue_count
                0x000000000045e9a0                ixgbevf_dev_tx_init
                0x000000000045ea50                ixgbevf_dev_rxtx_start
                0x000000000045eda0                ixgbe_dev_rx_descriptor_done
                0x000000000045ede0                ixgbe_dev_rxtx_start
                0x000000000045f520                ixgbe_dev_tx_init
                0x000000000045f790                ixgbe_configure_dcb
                0x00000000004605c0                ixgbevf_dev_rx_init
                0x0000000000460b00                ixgbe_xmit_pkts
                0x00000000004631f0                ixgbe_xmit_pkts_simple
                0x00000000004641b0                ixgbe_dev_rx_queue_setup
                0x0000000000464540                ixgbe_dev_rx_queue_release
                0x0000000000464d00                ixgbe_dev_clear_queues
                0x0000000000464fd0                ixgbe_dev_tx_queue_setup
                0x00000000004654c0                ixgbe_dev_tx_queue_release
                0x00000000004654f0                ixgbe_recv_scattered_pkts
                0x00000000004663c0                ixgbe_dev_rx_init
                0x0000000000466e50                ixgbe_recv_pkts
                0x0000000000467440                ixgbe_recv_pkts_bulk_alloc
 *fill*         0x0000000000468a98        0x8 90909090
 .text          0x0000000000468aa0     0x1852 /root/dpdk-1.5.0r2/x86_64-default-linuxapp-gcc/lib/librte_pmd_ixgbe.a(ixgbe_82598.o)
                0x0000000000468aa0                ixgbe_set_pcie_completion_timeout
                0x0000000000468c30                ixgbe_set_vmdq_82598
                0x0000000000468d00                ixgbe_set_vfta_82598
                0x0000000000468e30                ixgbe_get_supported_physical_layer_82598
                0x0000000000468fe0                ixgbe_enable_relaxed_ordering_82598
                0x0000000000469130                ixgbe_set_lan_id_multi_port_pcie_82598
                0x00000000004691b0                ixgbe_read_i2c_eeprom_82598
                0x00000000004692b0                ixgbe_write_analog_reg8_82598
                0x00000000004692e0                ixgbe_read_analog_reg8_82598
                0x0000000000469830                ixgbe_fc_enable_82598
                0x0000000000469e30                ixgbe_start_hw_82598
                0x0000000000469f00                ixgbe_init_phy_ops_82598
                0x0000000000469fd0                ixgbe_init_ops_82598
 *fill*         0x000000000046a2f2        0xe 90909090
 .text          0x000000000046a300      0xe7f /root/dpdk-1.5.0r2/x86_64-default-linuxapp-gcc/lib/librte_pmd_ixgbe.a(ixgbe_x540.o)
                0x000000000046a300                ixgbe_get_media_type_X540
                0x000000000046a310                ixgbe_setup_mac_link_X540
                0x000000000046a320                ixgbe_get_supported_physical_layer_X540
                0x000000000046a370                ixgbe_init_eeprom_params_X540
                0x000000000046a3c0                ixgbe_blink_led_start_X540
                0x000000000046a440                ixgbe_blink_led_stop_X540
                0x000000000046a4e0                ixgbe_update_eeprom_checksum_X540
                0x000000000046a5d0                ixgbe_write_eewr_X540
                0x000000000046a650                ixgbe_validate_eeprom_checksum_X540
                0x000000000046a710                ixgbe_calc_eeprom_checksum_X540
                0x000000000046a870                ixgbe_read_eerd_X540
                0x000000000046a8f0                ixgbe_write_eewr_buffer_X540
                0x000000000046a980                ixgbe_read_eerd_buffer_X540
                0x000000000046aa10                ixgbe_start_hw_X540
                0x000000000046aa30                ixgbe_reset_hw_X540
                0x000000000046ac20                ixgbe_get_link_capabilities_X540
                0x000000000046ac30                ixgbe_init_ops_X540
                0x000000000046ae90                ixgbe_acquire_swfw_sync_X540
                0x000000000046b090                ixgbe_release_swfw_sync_X540
 *fill*         0x000000000046b17f        0x1 90909090
 .text          0x000000000046b180     0x1858 /root/dpdk-1.5.0r2/x86_64-default-linuxapp-gcc/lib/librte_pmd_virtio.a(virtio_ethdev.o)
                0x000000000046b1f0                rte_virtio_pmd_init
                0x000000000046b550                virtio_dev_queue_setup
 *fill*         0x000000000046c9d8        0x8 90909090
 .text          0x000000000046c9e0       0x6f /root/dpdk-1.5.0r2/x86_64-default-linuxapp-gcc/lib/librte_pmd_virtio.a(virtqueue.o)
                0x000000000046c9e0                virtqueue_disable_intr
                0x000000000046c9f0                virtqueue_detatch_unused
 *fill*         0x000000000046ca4f        0x1 90909090
 .text          0x000000000046ca50      0x15f /root/dpdk-1.5.0r2/x86_64-default-linuxapp-gcc/lib/librte_pmd_virtio.a(virtio_pci.o)
                0x000000000046ca50                vtpci_read_dev_config
                0x000000000046cad0                vtpci_write_dev_config
                0x000000000046cb50                vtpci_negotiate_features
                0x000000000046cb60                vtpci_reset
                0x000000000046cb70                vtpci_reinit_complete
                0x000000000046cb80                vtpci_get_status
                0x000000000046cb90                vtpci_set_status
 *fill*         0x000000000046cbaf        0x1 90909090
 .text          0x000000000046cbb0     0x32aa /root/dpdk-1.5.0r2/x86_64-default-linuxapp-gcc/lib/librte_pmd_virtio.a(virtio_rxtx.o)
                0x000000000046cc50                virtio_dev_tx_queue_setup
                0x000000000046ccb0                virtio_dev_rx_queue_setup
                0x000000000046ce30                virtio_xmit_pkts
                0x000000000046e500                virtio_dev_rxtx_start
                0x000000000046e530                virtio_recv_pkts
 *fill*         0x000000000046fe5a        0x6 90909090
 .text          0x000000000046fe60      0x32a /root/dpdk-1.5.0r2/x86_64-default-linuxapp-gcc/lib/librte_mbuf.a(rte_mbuf.o)
                0x000000000046fe60                rte_pktmbuf_pool_init
                0x000000000046fe80                rte_pktmbuf_dump
                0x000000000046ff40                rte_mbuf_sanity_check
                0x0000000000470070                rte_pktmbuf_init
                0x0000000000470120                rte_ctrlmbuf_init
 *fill*         0x000000000047018a        0x6 90909090
 .text          0x0000000000470190     0x23c1 /root/dpdk-1.5.0r2/x86_64-default-linuxapp-gcc/lib/libethdev.a(rte_ethdev.o)
                0x0000000000470190                rte_eth_dev_socket_id
                0x00000000004701c0                rte_eth_dev_count
                0x00000000004701d0                rte_eth_promiscuous_enable
                0x0000000000470210                rte_eth_promiscuous_disable
                0x0000000000470260                rte_eth_promiscuous_get
                0x0000000000470290                rte_eth_allmulticast_enable
                0x00000000004702d0                rte_eth_allmulticast_disable
                0x0000000000470320                rte_eth_allmulticast_get
                0x0000000000470350                rte_eth_link_get
                0x00000000004703e0                rte_eth_link_get_nowait
                0x0000000000470470                rte_eth_stats_reset
                0x00000000004704b0                rte_eth_dev_set_tx_queue_stats_mapping
                0x00000000004704f0                rte_eth_dev_set_rx_queue_stats_mapping
                0x0000000000470530                rte_eth_dev_info_get
                0x00000000004705a0                rte_eth_macaddr_get
                0x00000000004705d0                rte_eth_dev_vlan_filter
                0x0000000000470640                rte_eth_dev_set_vlan_strip_on_queue
                0x00000000004706a0                rte_eth_dev_set_vlan_ether_type
                0x00000000004706f0                rte_eth_dev_set_vlan_offload
                0x0000000000470810                rte_eth_dev_get_vlan_offload
                0x0000000000470860                rte_eth_dev_fdir_add_signature_filter
                0x00000000004708c0                rte_eth_dev_fdir_update_signature_filter
                0x0000000000470930                rte_eth_dev_fdir_remove_signature_filter
                0x0000000000470990                rte_eth_dev_fdir_get_infos
                0x00000000004709f0                rte_eth_dev_fdir_add_perfect_filter
                0x0000000000470a70                rte_eth_dev_fdir_update_perfect_filter
                0x0000000000470af0                rte_eth_dev_fdir_remove_perfect_filter
                0x0000000000470b60                rte_eth_dev_fdir_set_masks
                0x0000000000470bb0                rte_eth_dev_flow_ctrl_set
                0x0000000000470bf0                rte_eth_dev_priority_flow_ctrl_set
                0x0000000000470c30                rte_eth_dev_rss_reta_update
                0x0000000000470cf0                rte_eth_dev_rss_reta_query
                0x0000000000470d40                rte_eth_led_on
                0x0000000000470d80                rte_eth_led_off
                0x0000000000470dc0                rte_eth_dev_set_vf_rxmode
                0x0000000000470e60                rte_eth_dev_uc_all_hash_table_set
                0x0000000000470ea0                rte_eth_dev_set_vf_rx
                0x0000000000470f20                rte_eth_dev_set_vf_tx
                0x0000000000470fa0                rte_eth_dev_set_vf_vlan_filter
                0x0000000000470ff0                rte_eth_mirror_rule_set
                0x0000000000471050                rte_eth_mirror_rule_reset
                0x00000000004710a0                _rte_eth_dev_callback_process
                0x0000000000471160                rte_eth_dev_callback_unregister
                0x0000000000471280                rte_eth_dev_callback_register
                0x0000000000471380                rte_eth_stats_get
                0x0000000000471400                rte_eth_tx_queue_setup
                0x00000000004714e0                rte_eth_rx_queue_setup
                0x00000000004715f0                rte_eth_dev_close
                0x0000000000471640                rte_eth_dev_stop
                0x0000000000471930                rte_eth_dev_configure
                0x0000000000471bf0                rte_eth_driver_register
                0x0000000000471c00                rte_eth_dev_allocate
                0x0000000000471eb0                rte_eth_dev_uc_hash_table_set
                0x00000000004720e0                rte_eth_dev_mac_addr_remove
                0x0000000000472190                rte_eth_dev_mac_addr_add
                0x00000000004722d0                rte_eth_dev_start
 *fill*         0x0000000000472551        0xf 90909090
 .text          0x0000000000472560     0x20b2 /root/dpdk-1.5.0r2/x86_64-default-linuxapp-gcc/lib/librte_malloc.a(rte_malloc.o)
                0x0000000000472560                rte_malloc_validate
                0x00000000004725b0                rte_malloc_set_limit
                0x00000000004725c0                rte_malloc_virt2phy
                0x0000000000472610                rte_malloc_get_socket_stats
                0x0000000000472680                rte_malloc_socket
                0x00000000004729a0                rte_free
                0x00000000004729f0                rte_malloc_dump_stats
                0x0000000000472e90                rte_zmalloc_socket
                0x0000000000473200                rte_malloc
                0x0000000000473500                rte_calloc_socket
                0x0000000000473870                rte_zmalloc
                0x0000000000473bb0                rte_calloc
                0x0000000000473f00                rte_realloc
 *fill*         0x0000000000474612        0xe 90909090
 .text          0x0000000000474620      0x3c9 /root/dpdk-1.5.0r2/x86_64-default-linuxapp-gcc/lib/librte_malloc.a(malloc_elem.o)
                0x0000000000474620                malloc_elem_init
                0x0000000000474650                malloc_elem_mkend
                0x0000000000474690                malloc_elem_can_hold
                0x00000000004746c0                malloc_elem_alloc
                0x0000000000474790                malloc_elem_resize
                0x00000000004748f0                malloc_elem_free
 *fill*         0x00000000004749e9        0x7 90909090
 .text          0x00000000004749f0      0x527 /root/dpdk-1.5.0r2/x86_64-default-linuxapp-gcc/lib/librte_malloc.a(malloc_heap.o)
                0x00000000004749f0                malloc_heap_get_stats
                0x0000000000474b80                malloc_heap_alloc
 *fill*         0x0000000000474f17        0x9 90909090
 .text          0x0000000000474f20      0xaed /root/dpdk-1.5.0r2/x86_64-default-linuxapp-gcc/lib/librte_mempool.a(rte_mempool.o)
                0x0000000000474f20                rte_mempool_count
                0x0000000000474f70                rte_mempool_lookup
                0x0000000000475030                rte_mempool_audit
                0x00000000004751b0                rte_mempool_create
                0x00000000004757c0                rte_mempool_dump
                0x0000000000475970                rte_mempool_list_dump
 *fill*         0x0000000000475a0d        0x3 90909090
 .text          0x0000000000475a10      0x56a /root/dpdk-1.5.0r2/x86_64-default-linuxapp-gcc/lib/librte_ring.a(rte_ring.o)
                0x0000000000475a10                rte_ring_set_water_mark
                0x0000000000475a30                rte_ring_lookup
                0x0000000000475af0                rte_ring_dump
                0x0000000000475bd0                rte_ring_list_dump
                0x0000000000475d80                rte_ring_create
 *fill*         0x0000000000475f7a        0x6 90909090
 .text          0x0000000000475f80     0x1f7b /root/dpdk-1.5.0r2/x86_64-default-linuxapp-gcc/lib/librte_eal.a(eal.o)
                0x0000000000475f80                rte_eal_get_configuration
                0x0000000000475f90                rte_set_application_usage_hook
                0x0000000000475fb0                rte_eal_lcore_role
                0x0000000000475fc0                rte_eal_process_type
                0x0000000000475fd0                rte_eal_has_hugepages
                0x0000000000476220                eal_parse_sysfs_value
                0x00000000004765f0                rte_eal_init
 *fill*         0x0000000000477efb        0x5 90909090
 .text          0x0000000000477f00      0xc46 /root/dpdk-1.5.0r2/x86_64-default-linuxapp-gcc/lib/librte_eal.a(eal_hugepage_info.o)
                0x00000000004785a0                eal_hugepage_info_init
 *fill*         0x0000000000478b46        0xa 90909090
 .text          0x0000000000478b50     0x2153 /root/dpdk-1.5.0r2/x86_64-default-linuxapp-gcc/lib/librte_eal.a(eal_memory.o)
                0x0000000000479630                rte_mem_virt2phy
                0x00000000004797d0                rte_mem_lock_page
                0x00000000004797f0                rte_eal_memory_init
 *fill*         0x000000000047aca3        0xd 90909090
 .text          0x000000000047acb0      0x3fc /root/dpdk-1.5.0r2/x86_64-default-linuxapp-gcc/lib/librte_eal.a(eal_thread.o)
                0x000000000047acb0                rte_eal_remote_launch
                0x000000000047ae80                eal_thread_init_master
                0x000000000047aeb0                eal_thread_loop
 *fill*         0x000000000047b0ac        0x4 90909090
 .text          0x000000000047b0b0      0x199 /root/dpdk-1.5.0r2/x86_64-default-linuxapp-gcc/lib/librte_eal.a(eal_log.o)
                0x000000000047b0e0                rte_eal_log_init
 *fill*         0x000000000047b249        0x7 90909090
 .text          0x000000000047b250     0x1bb2 /root/dpdk-1.5.0r2/x86_64-default-linuxapp-gcc/lib/librte_eal.a(eal_pci.o)
                0x000000000047c460                rte_eal_pci_probe_one_driver
                0x000000000047cd70                rte_eal_pci_init
 *fill*         0x000000000047ce02        0xe 90909090
 .text          0x000000000047ce10      0x167 /root/dpdk-1.5.0r2/x86_64-default-linuxapp-gcc/lib/librte_eal.a(eal_debug.o)
                0x000000000047ce10                rte_dump_registers
                0x000000000047ce20                rte_exit
                0x000000000047cf00                rte_dump_stack
 *fill*         0x000000000047cf77        0x9 90909090
 .text          0x000000000047cf80      0x4fa /root/dpdk-1.5.0r2/x86_64-default-linuxapp-gcc/lib/librte_eal.a(eal_lcore.o)
                0x000000000047d370                rte_eal_cpu_init
 *fill*         0x000000000047d47a        0x6 90909090
 .text          0x000000000047d480      0x6d0 /root/dpdk-1.5.0r2/x86_64-default-linuxapp-gcc/lib/librte_eal.a(eal_timer.o)
                0x000000000047d480                rte_get_tsc_hz
                0x000000000047d720                rte_eal_timer_init
                0x000000000047d9f0                rte_delay_us
 .text          0x000000000047db50      0xa28 /root/dpdk-1.5.0r2/x86_64-default-linuxapp-gcc/lib/librte_eal.a(eal_interrupts.o)
                0x000000000047db50                rte_eal_intr_init
                0x000000000047dfe0                rte_intr_disable
                0x000000000047e090                rte_intr_enable
                0x000000000047e140                rte_intr_callback_unregister
                0x000000000047e350                rte_intr_callback_register
 *fill*         0x000000000047e578        0x8 90909090
 .text          0x000000000047e580      0x5c5 /root/dpdk-1.5.0r2/x86_64-default-linuxapp-gcc/lib/librte_eal.a(eal_alarm.o)
                0x000000000047e580                rte_eal_alarm_cancel
                0x000000000047e780                rte_eal_alarm_set
                0x000000000047eb00                rte_eal_alarm_init
 *fill*         0x000000000047eb45        0xb 90909090
 .text          0x000000000047eb50      0xe24 /root/dpdk-1.5.0r2/x86_64-default-linuxapp-gcc/lib/librte_eal.a(eal_common_memzone.o)
                0x000000000047eb50                rte_eal_memzone_init
                0x000000000047ecf0                rte_memzone_dump
                0x000000000047edb0                rte_memzone_lookup
                0x000000000047f7b0                rte_memzone_reserve_aligned
                0x000000000047f8c0                rte_memzone_reserve
 *fill*         0x000000000047f974        0xc 90909090
 .text          0x000000000047f980      0xfc4 /root/dpdk-1.5.0r2/x86_64-default-linuxapp-gcc/lib/librte_eal.a(eal_common_log.o)
                0x000000000047f9b0                rte_log_set_history
                0x000000000047f9c0                rte_openlog_stream
                0x000000000047f9f0                rte_set_log_level
                0x000000000047fa00                rte_set_log_type
                0x000000000047fa20                rte_log_cur_msg_loglevel
                0x000000000047fa40                rte_log_cur_msg_logtype
                0x000000000047fa60                rte_eal_log_early_init
                0x000000000047fb10                rte_vlog
                0x000000000047fb70                rte_eal_common_log_init
                0x000000000047fc70                rte_log_dump_history
                0x0000000000480290                rte_log_add_in_history
 *fill*         0x0000000000480944        0xc 90909090
 .text          0x0000000000480950      0x28e /root/dpdk-1.5.0r2/x86_64-default-linuxapp-gcc/lib/librte_eal.a(eal_common_launch.o)
                0x0000000000480950                rte_eal_get_lcore_state
                0x0000000000480970                rte_eal_wait_lcore
                0x00000000004809d0                rte_eal_mp_remote_launch
                0x0000000000480b20                rte_eal_mp_wait_lcore